[www.themestarz.net/html/selfer/index04b9.html]
[backblue.gif]
[fade.gif]
[index.html]
[www.themestarz.net/html/selfer/assets/img/logo.png]
[www.themestarz.net/html/selfer/assets/img/bg-hero.jpg]
[www.themestarz.net/html/selfer/assets/img/icon-brushes.png]
[www.themestarz.net/html/selfer/assets/img/icon-camera.png]
[www.themestarz.net/html/selfer/assets/img/icon-video.png]
[www.themestarz.net/html/selfer/assets/img/icon-pencil.png]
[www.themestarz.net/html/selfer/assets/img/icon-lcd.png]
[www.themestarz.net/html/selfer/assets/img/icon-phone.png]
[www.themestarz.net/html/selfer/assets/img/img-man-looking.jpg]
[www.themestarz.net/html/selfer/assets/img/bg-keyboard.jpg]
[www.themestarz.net/html/selfer/assets/img/img-work-01.png]
[www.themestarz.net/html/selfer/assets/img/img-work-02.png]
[www.themestarz.net/html/selfer/assets/img/img-work-03.png]
[www.themestarz.net/html/selfer/assets/img/img-work-04.png]
[www.themestarz.net/html/selfer/assets/img/img-work-05.png]
[www.themestarz.net/html/selfer/assets/img/img-work-06.png]
[www.themestarz.net/html/selfer/assets/img/img-work-07.png]
[www.themestarz.net/html/selfer/assets/img/img-work-08.png]
[www.themestarz.net/html/selfer/assets/img/img-work-10.png]
[www.themestarz.net/html/selfer/assets/img/img-work-11.png]
[www.themestarz.net/html/selfer/assets/img/img-work-09.png]
[www.themestarz.net/html/selfer/assets/img/bg-man-sitting.jpg]
[www.themestarz.net/html/selfer/assets/img/person.jpg]
[www.themestarz.net/html/selfer/assets/img/person-02.jpg]
[www.themestarz.net/html/selfer/assets/img/logo-01-w.png]
[www.themestarz.net/html/selfer/assets/img/logo-02-w.png]
[www.themestarz.net/html/selfer/assets/img/logo-03-w.png]
[www.themestarz.net/html/selfer/assets/img/logo-04-w.png]
[www.themestarz.net/html/selfer/assets/img/logo-05-w.png]
[www.themestarz.net/html/selfer/assets/img/icon-pin.png]
[www.themestarz.net/html/selfer/assets/img/icon-phone-02.png]
[www.themestarz.net/html/selfer/assets/img/icon-envelope.png]
[www.themestarz.net/html/selfer/assets/img/icon-talk-bubble.png]
[www.themestarz.net/html/selfer/assets/php/email.html]
[www.themestarz.net/html/selfer/assets/img/img-work-detail-01.jpg]
[www.themestarz.net/html/selfer/assets/img/img-work-detail-02.jpg]
[www.themestarz.net/html/selfer/assets/js/custom.hero.js]
[www.themestarz.net/html/selfer/assets/js/jquery-3.3.1.min.js]
[www.themestarz.net/html/selfer/assets/js/popper.min.js]
[www.themestarz.net/html/selfer/assets/bootstrap/js/bootstrap.min.js]
[www.themestarz.net/html/selfer/assets/js/imagesloaded.pkgd.min.js]
[www.themestarz.net/html/selfer/assets/js/isInViewport.jquery.js]
[www.themestarz.net/html/selfer/assets/js/jquery.magnific-popup.min.js]
[www.themestarz.net/html/selfer/assets/js/scrolla.jquery.min.js]
[www.themestarz.net/html/selfer/assets/js/jquery.validate.min.js]
[www.themestarz.net/html/selfer/assets/js/jquery-validate.bootstrap-tooltip.min.js]
[www.themestarz.net/html/selfer/assets/js/odometer.min.js]
[www.themestarz.net/html/selfer/assets/js/owl.carousel.min.js]
[www.themestarz.net/html/selfer/assets/js/custom.js]
[www.themestarz.net/html/selfer/index04b9.html]
[www.themestarz.net/html/selfer/assets/bootstrap/css/bootstrap.min.css]
[www.themestarz.net/html/selfer/assets/font-awesome/webfonts/fa-brands-400.eot]
[www.themestarz.net/html/selfer/assets/font-awesome/webfonts/fa-brands-400.woff2]
[www.themestarz.net/html/selfer/assets/font-awesome/webfonts/fa-brands-400d41d.eot]
[www.themestarz.net/html/selfer/assets/font-awesome/webfonts/fa-brands-400.woff]
[www.themestarz.net/html/selfer/assets/font-awesome/webfonts/fa-brands-400.ttf]
[www.themestarz.net/html/selfer/assets/font-awesome/webfonts/fa-regular-400.eot]
[www.themestarz.net/html/selfer/assets/font-awesome/webfonts/fa-regular-400.woff2]
[www.themestarz.net/html/selfer/assets/font-awesome/webfonts/fa-regular-400d41d.eot]
[www.themestarz.net/html/selfer/assets/font-awesome/webfonts/fa-regular-400.woff]
[www.themestarz.net/html/selfer/assets/font-awesome/webfonts/fa-regular-400.ttf]
[www.themestarz.net/html/selfer/assets/font-awesome/webfonts/fa-solid-900.eot]
[www.themestarz.net/html/selfer/assets/font-awesome/webfonts/fa-solid-900.woff2]
[www.themestarz.net/html/selfer/assets/font-awesome/webfonts/fa-solid-900d41d.eot]
[www.themestarz.net/html/selfer/assets/font-awesome/webfonts/fa-solid-900.woff]
[www.themestarz.net/html/selfer/assets/font-awesome/webfonts/fa-solid-900.ttf]
[www.themestarz.net/html/selfer/assets/font-awesome/css/fontawesome-all.min.css]
[www.themestarz.net/html/selfer/assets/css/magnific-popup.css]
[www.themestarz.net/html/selfer/assets/css/odometer-theme-default.css]
[www.themestarz.net/html/selfer/assets/css/owl.video.play.png]
[www.themestarz.net/html/selfer/assets/css/owl.carousel.min.css]
[www.themestarz.net/html/selfer/assets/css/style.css]
[www.themestarz.net/html/selfer/assets/php/email.html]
[www.themestarz.net/html/selfer/assets/font-awesome/webfonts/fa-brands-400.svg]
[www.themestarz.net/html/selfer/assets/font-awesome/webfonts/fa-regular-400.svg]
[www.themestarz.net/html/selfer/assets/font-awesome/webfonts/fa-solid-900.svg]
[www.themestarz.net/html/selfer/assets/css/owl.video.play.html]
[www.themestarz.net/html/selfer/assets/img/loading.svg]
